✗ / @ 360 — 8 blocks · 1 runts · 0 clips
✗ /bakery @ 360 — 54 blocks · 10 runts · 4 clips
✗ /commissioners-office @ 360 — 84 blocks · 12 runts · 6 clips
✗ /mansion @ 360 — 56 blocks · 8 runts · 4 clips
✗ /ferry @ 360 — 55 blocks · 8 runts · 4 clips
✗ /barbershop @ 360 — 54 blocks · 10 runts · 4 clips
✗ /map @ 360 — 41 blocks · 10 runts · 1 clips
✗ /people @ 360 — 93 blocks · 9 runts · 0 clips
✗ /paintings @ 360 — 54 blocks · 10 runts · 0 clips
✗ /about @ 360 — 59 blocks · 11 runts · 0 clips
✗ /404 @ 360 — 14 blocks · 3 runts · 0 clips
✗ / @ 390 — 8 blocks · 1 runts · 0 clips
✗ /bakery @ 390 — 54 blocks · 8 runts · 4 clips
✗ /commissioners-office @ 390 — 84 blocks · 8 runts · 6 clips
✗ /mansion @ 390 — 56 blocks · 7 runts · 4 clips
✗ /ferry @ 390 — 55 blocks · 6 runts · 4 clips
✗ /barbershop @ 390 — 54 blocks · 7 runts · 4 clips
✗ /map @ 390 — 41 blocks · 11 runts · 1 clips
✗ /people @ 390 — 93 blocks · 6 runts · 0 clips
✗ /paintings @ 390 — 54 blocks · 6 runts · 0 clips
✗ /about @ 390 — 59 blocks · 5 runts · 0 clips
✗ /404 @ 390 — 14 blocks · 2 runts · 0 clips
✗ / @ 430 — 8 blocks · 1 runts · 0 clips
✗ /bakery @ 430 — 54 blocks · 7 runts · 4 clips
✗ /commissioners-office @ 430 — 84 blocks · 8 runts · 6 clips
✗ /mansion @ 430 — 56 blocks · 5 runts · 4 clips
✗ /ferry @ 430 — 55 blocks · 7 runts · 4 clips
✗ /barbershop @ 430 — 54 blocks · 6 runts · 4 clips
✗ /map @ 430 — 41 blocks · 10 runts · 1 clips
✗ /people @ 430 — 93 blocks · 3 runts · 0 clips
✗ /paintings @ 430 — 54 blocks · 5 runts · 0 clips
✗ /about @ 430 — 59 blocks · 3 runts · 0 clips
✗ /404 @ 430 — 14 blocks · 1 runts · 0 clips
✗ / @ land — 8 blocks · 1 runts · 0 clips
✗ /bakery @ land — 51 blocks · 5 runts · 6 clips
✗ /commissioners-office @ land — 84 blocks · 7 runts · 6 clips
✗ /mansion @ land — 53 blocks · 3 runts · 6 clips
✗ /ferry @ land — 57 blocks · 6 runts · 6 clips
✗ /barbershop @ land — 53 blocks · 5 runts · 6 clips
✗ /map @ land — 41 blocks · 3 runts · 3 clips
✗ /people @ land — 93 blocks · 3 runts · 0 clips
✗ /paintings @ land — 54 blocks · 6 runts · 0 clips
✗ /about @ land — 59 blocks · 3 runts · 0 clips
✗ /404 @ land — 14 blocks · 2 runts · 0 clips
✗ / @ 768 — 8 blocks · 1 runts · 0 clips
✗ /bakery @ 768 — 54 blocks · 8 runts · 4 clips
✗ /commissioners-office @ 768 — 84 blocks · 9 runts · 6 clips
✗ /mansion @ 768 — 56 blocks · 5 runts · 4 clips
✗ /ferry @ 768 — 55 blocks · 7 runts · 4 clips
✗ /barbershop @ 768 — 54 blocks · 6 runts · 4 clips
✗ /map @ 768 — 46 blocks · 4 runts · 0 clips
✗ /people @ 768 — 93 blocks · 12 runts · 0 clips
✗ /paintings @ 768 — 54 blocks · 10 runts · 0 clips
✗ /about @ 768 — 59 blocks · 5 runts · 0 clips
✗ /404 @ 768 — 14 blocks · 2 runts · 0 clips
✗ / @ 1024 — 8 blocks · 1 runts · 0 clips
✗ /bakery @ 1024 — 94 blocks · 8 runts · 4 clips
✗ /commissioners-office @ 1024 — 180 blocks · 9 runts · 6 clips
✗ /mansion @ 1024 — 96 blocks · 5 runts · 4 clips
✗ /ferry @ 1024 — 95 blocks · 7 runts · 4 clips
✗ /barbershop @ 1024 — 94 blocks · 6 runts · 4 clips
✗ /map @ 1024 — 46 blocks · 2 runts · 0 clips
✗ /people @ 1024 — 93 blocks · 13 runts · 0 clips
✗ /paintings @ 1024 — 54 blocks · 3 runts · 0 clips
✗ /about @ 1024 — 59 blocks · 3 runts · 0 clips
✗ /404 @ 1024 — 14 blocks · 2 runts · 0 clips
✗ / @ 1280 — 8 blocks · 1 runts · 0 clips
✗ /bakery @ 1280 — 94 blocks · 8 runts · 4 clips
✗ /commissioners-office @ 1280 — 180 blocks · 9 runts · 6 clips
✗ /mansion @ 1280 — 96 blocks · 5 runts · 4 clips
✗ /ferry @ 1280 — 95 blocks · 7 runts · 4 clips
✗ /barbershop @ 1280 — 94 blocks · 6 runts · 4 clips
✗ /map @ 1280 — 46 blocks · 2 runts · 0 clips
✗ /people @ 1280 — 93 blocks · 6 runts · 0 clips
✗ /paintings @ 1280 — 54 blocks · 6 runts · 0 clips
✗ /about @ 1280 — 59 blocks · 3 runts · 0 clips
✗ /404 @ 1280 — 14 blocks · 1 runts · 0 clips
✗ / @ 1440 — 8 blocks · 1 runts · 0 clips
✗ /bakery @ 1440 — 94 blocks · 8 runts · 4 clips
✗ /commissioners-office @ 1440 — 180 blocks · 9 runts · 6 clips
✗ /mansion @ 1440 — 96 blocks · 5 runts · 4 clips
✗ /ferry @ 1440 — 95 blocks · 7 runts · 4 clips
✗ /barbershop @ 1440 — 94 blocks · 6 runts · 4 clips
✗ /map @ 1440 — 46 blocks · 2 runts · 0 clips
✗ /people @ 1440 — 93 blocks · 6 runts · 0 clips
✗ /paintings @ 1440 — 54 blocks · 6 runts · 0 clips
✗ /about @ 1440 — 59 blocks · 3 runts · 0 clips
✗ /404 @ 1440 — 14 blocks · 1 runts · 0 clips
✗ / @ 1920 — 8 blocks · 1 runts · 0 clips
✗ /bakery @ 1920 — 94 blocks · 8 runts · 4 clips
✗ /commissioners-office @ 1920 — 180 blocks · 9 runts · 6 clips
✗ /mansion @ 1920 — 96 blocks · 5 runts · 4 clips
✗ /ferry @ 1920 — 95 blocks · 7 runts · 4 clips
✗ /barbershop @ 1920 — 94 blocks · 6 runts · 4 clips
✗ /map @ 1920 — 46 blocks · 2 runts · 0 clips
✗ /people @ 1920 — 93 blocks · 6 runts · 0 clips
✗ /paintings @ 1920 — 54 blocks · 6 runts · 0 clips
✗ /about @ 1920 — 59 blocks · 3 runts · 0 clips
✗ /404 @ 1920 — 14 blocks · 1 runts · 0 clips

rag → docs/v7/qa/baseline-rag/rag.{json,md}  (549 runts · 144 two-word display runts · 212 clips)
