✓ / @ 390 — 5 sizes: 54, 16, 15, 14, 12
✓ /bakery @ 390 — 11 sizes: 54, 44.2, 40.5, 34, 26, 19, 16, 15, 14, 13, 12
✓ /commissioners-office @ 390 — 11 sizes: 54, 46, 34.7, 34, 26, 19, 16, 15, 14, 13, 12
✓ /mansion @ 390 — 11 sizes: 54, 44.2, 34.7, 34, 26, 19, 16, 15, 14, 13, 12
✓ /ferry @ 390 — 11 sizes: 54, 40.5, 34, 30.4, 26, 19, 16, 15, 14, 13, 12
✓ /barbershop @ 390 — 10 sizes: 54, 44.2, 34, 26, 19, 16, 15, 14, 13, 12
✓ /map @ 390 — 10 sizes: 54, 40.5, 26, 19, 18, 16, 15, 14, 12, 10
✓ /people @ 390 — 9 sizes: 54, 34, 26, 24.3, 19, 16, 15, 14, 12
✓ /paintings @ 390 — 6 sizes: 54, 46, 26, 16, 14, 12
✓ /about @ 390 — 10 sizes: 54, 34, 28.6, 26, 22, 19, 16, 15, 14, 12
✓ /404 @ 390 — 7 sizes: 54, 34, 19, 16, 15, 14, 12
✓ / @ land — 5 sizes: 74.1, 16, 15, 14, 12
✓ /bakery @ land — 10 sizes: 74.1, 46, 34, 26, 19, 16, 15, 14, 13, 12
✓ /commissioners-office @ land — 10 sizes: 74.1, 46, 34, 26, 19, 16, 15, 14, 13, 12
✓ /mansion @ land — 10 sizes: 74.1, 46, 34, 26, 19, 16, 15, 14, 13, 12
✓ /ferry @ land — 10 sizes: 74.1, 46, 34, 26, 19, 16, 15, 14, 13, 12
✓ /barbershop @ land — 10 sizes: 74.1, 46, 34, 26, 19, 16, 15, 14, 13, 12
✓ /map @ land — 10 sizes: 74.1, 46, 26, 22.5, 19, 16, 15, 14, 12.5, 12
✓ /people @ land — 9 sizes: 74.1, 46, 34, 26, 19, 16, 15, 14, 12
✓ /paintings @ land — 6 sizes: 74.1, 46, 26, 16, 14, 12
✓ /about @ land — 10 sizes: 74.1, 46, 34, 26, 22, 19, 16, 15, 14, 12
✓ /404 @ land — 7 sizes: 74.1, 34, 19, 16, 15, 14, 12
✓ / @ 768 — 5 sizes: 84.5, 16, 15, 14, 12
✓ /bakery @ 768 — 11 sizes: 84.5, 64, 46, 32, 28, 20, 16, 15, 14, 13, 12
✓ /commissioners-office @ 768 — 11 sizes: 84.5, 64, 46, 32, 28, 20, 16, 15, 14, 13, 12
✓ /mansion @ 768 — 11 sizes: 84.5, 64, 46, 32, 28, 20, 16, 15, 14, 13, 12
✓ /ferry @ 768 — 12 sizes: 84.5, 64, 59.7, 46, 32, 28, 20, 16, 15, 14, 13, 12
✓ /barbershop @ 768 — 11 sizes: 84.5, 64, 46, 32, 28, 20, 16, 15, 14, 13, 12
✓ /map @ 768 — 11 sizes: 84.5, 64, 28, 22.5, 20, 16, 15, 14, 12.5, 12, 11
✓ /people @ 768 — 9 sizes: 84.5, 47.8, 46, 28, 20, 16, 15, 14, 12
✓ /paintings @ 768 — 6 sizes: 84.5, 64, 28, 16, 14, 12
✓ /about @ 768 — 10 sizes: 84.5, 56.2, 46, 28, 22, 20, 16, 15, 14, 12
✓ /404 @ 768 — 7 sizes: 84.5, 46, 20, 16, 15, 14, 12
✓ / @ 1024 — 5 sizes: 112.6, 16, 15, 14, 12
✓ /bakery @ 1024 — 11 sizes: 112.6, 64, 46, 32, 28, 20, 16, 15, 14, 13, 12
✓ /commissioners-office @ 1024 — 11 sizes: 112.6, 64, 46, 32, 28, 20, 16, 15, 14, 13, 12
✓ /mansion @ 1024 — 11 sizes: 112.6, 64, 46, 32, 28, 20, 16, 15, 14, 13, 12
✓ /ferry @ 1024 — 12 sizes: 112.6, 64, 57.3, 46, 32, 28, 20, 16, 15, 14, 13, 12
✓ /barbershop @ 1024 — 11 sizes: 112.6, 64, 46, 32, 28, 20, 16, 15, 14, 13, 12
✓ /map @ 1024 — 10 sizes: 112.6, 64, 28, 27, 20, 16, 15, 14, 12, 11
✓ /people @ 1024 — 9 sizes: 112.6, 64, 46, 28, 20, 16, 15, 14, 12
✓ /paintings @ 1024 — 6 sizes: 112.6, 64, 28, 16, 14, 12
✓ /about @ 1024 — 10 sizes: 112.6, 64, 46, 28, 22.5, 20, 16, 15, 14, 12
✓ /404 @ 1024 — 7 sizes: 112.6, 46, 20, 16, 15, 14, 12
✓ / @ 1440 — 4 sizes: 128, 16, 15, 13
✓ /bakery @ 1440 — 9 sizes: 128, 88, 56, 38, 30, 21, 16, 15, 13
✓ /commissioners-office @ 1440 — 9 sizes: 128, 88, 56, 38, 30, 21, 16, 15, 13
✓ /mansion @ 1440 — 10 sizes: 128, 88, 82.1, 56, 38, 30, 21, 16, 15, 13
✓ /ferry @ 1440 — 10 sizes: 128, 88, 71.9, 56, 38, 30, 21, 16, 15, 13
✓ /barbershop @ 1440 — 9 sizes: 128, 88, 56, 38, 30, 21, 16, 15, 13
✓ /map @ 1440 — 9 sizes: 128, 88, 30, 27, 21, 16, 15, 13, 11
✓ /people @ 1440 — 8 sizes: 128, 81.1, 56, 30, 21, 16, 15, 13
✓ /paintings @ 1440 — 6 sizes: 128, 88, 30, 16, 15, 13
✓ /about @ 1440 — 8 sizes: 128, 88, 56, 30, 21, 16, 15, 13
✓ /404 @ 1440 — 6 sizes: 128, 56, 21, 16, 15, 13

census → docs/v7/qa/baseline-census.md
