✓ bakery frame @ 501ms (target 500)
✓ bakery frame @ 1231ms (target 1000)
✓ bakery frame @ 2537ms (target 2000)
✓ bakery frame @ 3001ms (target 3000)
✓ bakery frame @ 5000ms (target 5000)
✓ commissioners-office frame @ 500ms (target 500)
✓ commissioners-office frame @ 1237ms (target 1000)
✓ commissioners-office frame @ 3295ms (target 2000)
✓ commissioners-office frame @ 3378ms (target 3000)
✓ commissioners-office frame @ 5003ms (target 5000)
✓ mansion frame @ 501ms (target 500)
✓ mansion frame @ 1215ms (target 1000)
✓ mansion frame @ 3214ms (target 2000)
✓ mansion frame @ 3303ms (target 3000)
✓ mansion frame @ 5002ms (target 5000)
✓ ferry frame @ 502ms (target 500)
✓ ferry frame @ 1244ms (target 1000)
✓ ferry frame @ 2570ms (target 2000)
✓ ferry frame @ 3001ms (target 3000)
✓ ferry frame @ 5001ms (target 5000)
✓ barbershop frame @ 500ms (target 500)
✓ barbershop frame @ 1232ms (target 1000)
✓ barbershop frame @ 2567ms (target 2000)
✓ barbershop frame @ 3001ms (target 3000)
✓ barbershop frame @ 5000ms (target 5000)

filmstrips + arrival.md → docs/v7/qa/baseline-arrival
