✓ / @ 360 — 8 blocks · 0 runts · 0 clips
✓ /bakery @ 360 — 44 blocks · 0 runts · 0 clips
✓ /commissioners-office @ 360 — 70 blocks · 0 runts · 0 clips
✓ /mansion @ 360 — 46 blocks · 0 runts · 0 clips
✓ /ferry @ 360 — 45 blocks · 0 runts · 0 clips
✓ /barbershop @ 360 — 44 blocks · 0 runts · 0 clips
✓ /map @ 360 — 40 blocks · 0 runts · 0 clips
✓ /people @ 360 — 65 blocks · 0 runts · 0 clips
✓ /paintings @ 360 — 52 blocks · 0 runts · 0 clips
✓ /about @ 360 — 61 blocks · 0 runts · 0 clips
✓ /404 @ 360 — 13 blocks · 0 runts · 0 clips
✓ / @ 390 — 8 blocks · 0 runts · 0 clips
✓ /bakery @ 390 — 44 blocks · 0 runts · 0 clips
✓ /commissioners-office @ 390 — 70 blocks · 0 runts · 0 clips
✓ /mansion @ 390 — 46 blocks · 0 runts · 0 clips
✓ /ferry @ 390 — 45 blocks · 0 runts · 0 clips
✓ /barbershop @ 390 — 44 blocks · 0 runts · 0 clips
✓ /map @ 390 — 40 blocks · 0 runts · 0 clips
✓ /people @ 390 — 65 blocks · 0 runts · 0 clips
✓ /paintings @ 390 — 52 blocks · 0 runts · 0 clips
✓ /about @ 390 — 61 blocks · 0 runts · 0 clips
✓ /404 @ 390 — 13 blocks · 0 runts · 0 clips
✓ / @ 430 — 8 blocks · 0 runts · 0 clips
✓ /bakery @ 430 — 44 blocks · 0 runts · 0 clips
✓ /commissioners-office @ 430 — 70 blocks · 0 runts · 0 clips
✓ /mansion @ 430 — 46 blocks · 0 runts · 0 clips
✓ /ferry @ 430 — 45 blocks · 0 runts · 0 clips
✓ /barbershop @ 430 — 44 blocks · 0 runts · 0 clips
✓ /map @ 430 — 40 blocks · 0 runts · 0 clips
✓ /people @ 430 — 65 blocks · 0 runts · 0 clips
✓ /paintings @ 430 — 52 blocks · 0 runts · 0 clips
✓ /about @ 430 — 61 blocks · 0 runts · 0 clips
✓ /404 @ 430 — 13 blocks · 0 runts · 0 clips
✓ / @ land — 8 blocks · 0 runts · 0 clips
✓ /bakery @ land — 44 blocks · 0 runts · 0 clips
✓ /commissioners-office @ land — 67 blocks · 0 runts · 0 clips
✓ /mansion @ land — 48 blocks · 0 runts · 0 clips
✓ /ferry @ land — 47 blocks · 0 runts · 0 clips
✓ /barbershop @ land — 44 blocks · 0 runts · 0 clips
✓ /map @ land — 40 blocks · 0 runts · 0 clips
✓ /people @ land — 65 blocks · 0 runts · 0 clips
✓ /paintings @ land — 52 blocks · 0 runts · 0 clips
✓ /about @ land — 61 blocks · 0 runts · 0 clips
✓ /404 @ land — 13 blocks · 0 runts · 0 clips
✓ / @ 768 — 8 blocks · 0 runts · 0 clips
✓ /bakery @ 768 — 44 blocks · 0 runts · 0 clips
✓ /commissioners-office @ 768 — 70 blocks · 0 runts · 0 clips
✓ /mansion @ 768 — 46 blocks · 0 runts · 0 clips
✓ /ferry @ 768 — 45 blocks · 0 runts · 0 clips
✓ /barbershop @ 768 — 44 blocks · 0 runts · 0 clips
✓ /map @ 768 — 45 blocks · 0 runts · 0 clips
✓ /people @ 768 — 65 blocks · 0 runts · 0 clips
✓ /paintings @ 768 — 52 blocks · 0 runts · 0 clips
✓ /about @ 768 — 61 blocks · 0 runts · 0 clips
✓ /404 @ 768 — 13 blocks · 0 runts · 0 clips
✓ / @ 1024 — 8 blocks · 0 runts · 0 clips
✓ /bakery @ 1024 — 54 blocks · 0 runts · 0 clips
✓ /commissioners-office @ 1024 — 86 blocks · 0 runts · 0 clips
✓ /mansion @ 1024 — 56 blocks · 0 runts · 0 clips
✓ /ferry @ 1024 — 55 blocks · 0 runts · 0 clips
✓ /barbershop @ 1024 — 54 blocks · 0 runts · 0 clips
✓ /map @ 1024 — 45 blocks · 0 runts · 0 clips
✓ /people @ 1024 — 65 blocks · 0 runts · 0 clips
✓ /paintings @ 1024 — 52 blocks · 0 runts · 0 clips
✓ /about @ 1024 — 61 blocks · 0 runts · 0 clips
✓ /404 @ 1024 — 13 blocks · 0 runts · 0 clips
✓ / @ 1280 — 8 blocks · 0 runts · 0 clips
✓ /bakery @ 1280 — 54 blocks · 0 runts · 0 clips
✓ /commissioners-office @ 1280 — 86 blocks · 0 runts · 0 clips
✓ /mansion @ 1280 — 56 blocks · 0 runts · 0 clips
✓ /ferry @ 1280 — 55 blocks · 0 runts · 0 clips
✓ /barbershop @ 1280 — 54 blocks · 0 runts · 0 clips
✓ /map @ 1280 — 45 blocks · 0 runts · 0 clips
✓ /people @ 1280 — 65 blocks · 0 runts · 0 clips
✓ /paintings @ 1280 — 52 blocks · 0 runts · 0 clips
✓ /about @ 1280 — 61 blocks · 0 runts · 0 clips
✓ /404 @ 1280 — 13 blocks · 0 runts · 0 clips
✓ / @ 1440 — 8 blocks · 0 runts · 0 clips
✓ /bakery @ 1440 — 54 blocks · 0 runts · 0 clips
✓ /commissioners-office @ 1440 — 86 blocks · 0 runts · 0 clips
✓ /mansion @ 1440 — 56 blocks · 0 runts · 0 clips
✓ /ferry @ 1440 — 55 blocks · 0 runts · 0 clips
✓ /barbershop @ 1440 — 54 blocks · 0 runts · 0 clips
✓ /map @ 1440 — 45 blocks · 0 runts · 0 clips
✓ /people @ 1440 — 65 blocks · 0 runts · 0 clips
✓ /paintings @ 1440 — 52 blocks · 0 runts · 0 clips
✓ /about @ 1440 — 61 blocks · 0 runts · 0 clips
✓ /404 @ 1440 — 13 blocks · 0 runts · 0 clips
✓ / @ 1920 — 8 blocks · 0 runts · 0 clips
✓ /bakery @ 1920 — 54 blocks · 0 runts · 0 clips
✓ /commissioners-office @ 1920 — 86 blocks · 0 runts · 0 clips
✓ /mansion @ 1920 — 56 blocks · 0 runts · 0 clips
✓ /ferry @ 1920 — 55 blocks · 0 runts · 0 clips
✓ /barbershop @ 1920 — 54 blocks · 0 runts · 0 clips
✓ /map @ 1920 — 45 blocks · 0 runts · 0 clips
✓ /people @ 1920 — 65 blocks · 0 runts · 0 clips
✓ /paintings @ 1920 — 52 blocks · 0 runts · 0 clips
✓ /about @ 1920 — 61 blocks · 0 runts · 0 clips
✓ /404 @ 1920 — 13 blocks · 0 runts · 0 clips

rag → docs/qa/rag/rag.{json,md}  (0 runts · 0 two-word display runts · 0 clips)
em dashes visible: 0
