
===== /map marker DOM @ 390 =====
HTML: <button type="button" style="background: none; border: 0px; padding: 0px; transform: translate(291px, 372px) translate(-50%, -100%) translate(0px, 0px); opacity: 1; pointer-events: auto;" aria-label="Stop 1: Holeur's Fashionable Bakery" role="img" class="mapboxgl-marker mapboxgl-marker-anchor-bottom">     <div style="display:flex;flex-direction:column;align-items:center;cursor:pointer;transform:scale(0.8);transition:transform 300ms ease-in-out">            <div style="display:flex;align-items:center;justify-content:center;padding:8px;border-radius:30px;background:#4A1B0A;color:#FF9770;border:1px solid #80412B;font-family:var(--font-poppins),sans-serif;font-weight:500">       <div style="display:flex;align-items:center;justify-content:center;border-radius:9999px;margin-right:6px;background:#E45B27;width:20px;height:20px">         <p style="color:#FED9CC;font-size:11px;margin:0">1</p>       </div>       <p style="font-size:12px;line-height:18px;margin:0;white-space:nowrap">Bakery</p>     </div>     <div style="display:flex;flex-direction:column;align-items:center">       <div style="width:2px;height:30px;background:#80412B"></div>       <div style="width:8px;height:8px;border-radius:
  EL {"tag":"DIV","cls":"","ownText":"","fs":"12px","pad":"0px","bg":"rgba(0, 0, 0, 0)","border":"rgb(254, 217, 204)/0px","radius":"0px","transform":"matrix(0.8, 0, 0, 0.8, 0, 0)","w":68,"h":61}
  EL {"tag":"DIV","cls":"","ownText":"","fs":"12px","pad":"8px","bg":"rgb(74, 27, 10)","border":"rgb(128, 65, 43)/1px","radius":"30px","transform":"","w":68,"h":30}
  EL {"tag":"DIV","cls":"","ownText":"","fs":"12px","pad":"0px","bg":"rgb(228, 91, 39)","border":"rgb(255, 151, 112)/0px","radius":"9999px","transform":"","w":16,"h":16}
  EL {"tag":"P","cls":"","ownText":"1","fs":"11px","pad":"0px","bg":"rgba(0, 0, 0, 0)","border":"rgb(254, 217, 204)/0px","radius":"0px","transform":"","w":3,"h":16}
  EL {"tag":"P","cls":"","ownText":"Bakery","fs":"12px","pad":"0px","bg":"rgba(0, 0, 0, 0)","border":"rgb(255, 151, 112)/0px","radius":"0px","transform":"","w":33,"h":14}
  EL {"tag":"DIV","cls":"","ownText":"","fs":"12px","pad":"0px","bg":"rgba(0, 0, 0, 0)","border":"rgb(254, 217, 204)/0px","radius":"0px","transform":"","w":6,"h":30}
  EL {"tag":"DIV","cls":"","ownText":"","fs":"12px","pad":"0px","bg":"rgb(128, 65, 43)","border":"rgb(254, 217, 204)/0px","radius":"0px","transform":"","w":2,"h":24}
  EL {"tag":"DIV","cls":"","ownText":"","fs":"12px","pad":"0px","bg":"rgb(128, 65, 43)","border":"rgb(254, 217, 204)/0px","radius":"9999px","transform":"","w":6,"h":6}
HTML: <button type="button" style="background: none; border: 0px; padding: 0px; transform: translate(227px, 248px) translate(-50%, 0px) translate(0px, 0px); opacity: 1; pointer-events: auto;" aria-label="Stop 2: Office of the Commissioner" role="img" class="mapboxgl-marker mapboxgl-marker-anchor-top">     <div style="display:flex;flex-direction:column;align-items:center;cursor:pointer;transform:scale(0.8);transition:transform 300ms ease-in-out">            <div style="display:flex;flex-direction:column;align-items:center">       <div style="width:8px;height:8px;border-radius:9999px;background:#80412B"></div>       <div style="width:2px;height:30px;background:#80412B"></div>     </div>     <div style="display:flex;align-items:center;justify-content:center;padding:8px;border-radius:30px;background:#4A1B0A;color:#FF9770;border:1px solid #80412B;font-family:var(--font-poppins),sans-serif;font-weight:500">       <div style="display:flex;align-items:center;justify-content:center;border-radius:9999px;margin-right:6px;background:#E45B27;width:20px;height:20px">         <p style="color:#FED9CC;font-size:11px;margin:0">2</p>       </div>       <p style="font-size:12px;line-height:18px;margin:0;whi
  EL {"tag":"DIV","cls":"","ownText":"","fs":"12px","pad":"0px","bg":"rgba(0, 0, 0, 0)","border":"rgb(254, 217, 204)/0px","radius":"0px","transform":"matrix(0.8, 0, 0, 0.8, 0, 0)","w":143,"h":61}
  EL {"tag":"DIV","cls":"","ownText":"","fs":"12px","pad":"0px","bg":"rgba(0, 0, 0, 0)","border":"rgb(254, 217, 204)/0px","radius":"0px","transform":"","w":6,"h":30}
  EL {"tag":"DIV","cls":"","ownText":"","fs":"12px","pad":"0px","bg":"rgb(128, 65, 43)","border":"rgb(254, 217, 204)/0px","radius":"9999px","transform":"","w":6,"h":6}
  EL {"tag":"DIV","cls":"","ownText":"","fs":"12px","pad":"0px","bg":"rgb(128, 65, 43)","border":"rgb(254, 217, 204)/0px","radius":"0px","transform":"","w":2,"h":24}
  EL {"tag":"DIV","cls":"","ownText":"","fs":"12px","pad":"8px","bg":"rgb(74, 27, 10)","border":"rgb(128, 65, 43)/1px","radius":"30px","transform":"","w":143,"h":30}
  EL {"tag":"DIV","cls":"","ownText":"","fs":"12px","pad":"0px","bg":"rgb(228, 91, 39)","border":"rgb(255, 151, 112)/0px","radius":"9999px","transform":"","w":16,"h":16}
  EL {"tag":"P","cls":"","ownText":"2","fs":"11px","pad":"0px","bg":"rgba(0, 0, 0, 0)","border":"rgb(254, 217, 204)/0px","radius":"0px","transform":"","w":5,"h":16}
  EL {"tag":"P","cls":"","ownText":"Commissioner's Office","fs":"12px","pad":"0px","bg":"rgba(0, 0, 0, 0)","border":"rgb(255, 151, 112)/0px","radius":"0px","transform":"","w":108,"h":14}

===== /map marker DOM @ 768 =====
HTML: <button type="button" style="background: none; border: 0px; padding: 0px; transform: translate(519px, 442px) translate(-50%, -100%) translate(0px, 0px); opacity: 1; pointer-events: auto;" aria-label="Stop 1: Holeur's Fashionable Bakery" role="img" class="mapboxgl-marker mapboxgl-marker-anchor-bottom">     <div style="display:flex;flex-direction:column;align-items:center;cursor:pointer;transform:scale(0.8);transition:transform 300ms ease-in-out">            <div style="display:flex;align-items:center;justify-content:center;padding:10px;border-radius:30px;background:#4A1B0A;color:#FF9770;border:1px solid #80412B;font-family:var(--font-poppins),sans-serif;font-weight:500">       <div style="display:flex;align-items:center;justify-content:center;border-radius:9999px;margin-right:6px;background:#E45B27;width:20px;height:20px">         <p style="color:#FED9CC;font-size:11px;margin:0">1</p>       </div>       <p style="font-size:15px;line-height:22.5px;margin:0;white-space:nowrap">Bakery</p>     </div>     <div style="display:flex;flex-direction:column;align-items:center">       <div style="width:2px;height:30px;background:#80412B"></div>       <div style="width:8px;height:8px;border-radi
  EL {"tag":"DIV","cls":"","ownText":"","fs":"12px","pad":"0px","bg":"rgba(0, 0, 0, 0)","border":"rgb(254, 217, 204)/0px","radius":"0px","transform":"matrix(0.8, 0, 0, 0.8, 0, 0)","w":80,"h":66}
  EL {"tag":"DIV","cls":"","ownText":"","fs":"12px","pad":"10px","bg":"rgb(74, 27, 10)","border":"rgb(128, 65, 43)/1px","radius":"30px","transform":"","w":80,"h":36}
  EL {"tag":"DIV","cls":"","ownText":"","fs":"12px","pad":"0px","bg":"rgb(228, 91, 39)","border":"rgb(255, 151, 112)/0px","radius":"9999px","transform":"","w":16,"h":16}
  EL {"tag":"P","cls":"","ownText":"1","fs":"11px","pad":"0px","bg":"rgba(0, 0, 0, 0)","border":"rgb(254, 217, 204)/0px","radius":"0px","transform":"","w":3,"h":16}
  EL {"tag":"P","cls":"","ownText":"Bakery","fs":"15px","pad":"0px","bg":"rgba(0, 0, 0, 0)","border":"rgb(255, 151, 112)/0px","radius":"0px","transform":"","w":41,"h":18}
  EL {"tag":"DIV","cls":"","ownText":"","fs":"12px","pad":"0px","bg":"rgba(0, 0, 0, 0)","border":"rgb(254, 217, 204)/0px","radius":"0px","transform":"","w":6,"h":30}
  EL {"tag":"DIV","cls":"","ownText":"","fs":"12px","pad":"0px","bg":"rgb(128, 65, 43)","border":"rgb(254, 217, 204)/0px","radius":"0px","transform":"","w":2,"h":24}
  EL {"tag":"DIV","cls":"","ownText":"","fs":"12px","pad":"0px","bg":"rgb(128, 65, 43)","border":"rgb(254, 217, 204)/0px","radius":"9999px","transform":"","w":6,"h":6}
HTML: <button type="button" style="background: none; border: 0px; padding: 0px; transform: translate(428px, 270px) translate(-50%, 0px) translate(0px, 0px); opacity: 1; pointer-events: auto;" aria-label="Stop 2: Office of the Commissioner" role="img" class="mapboxgl-marker mapboxgl-marker-anchor-top">     <div style="display:flex;flex-direction:column;align-items:center;cursor:pointer;transform:scale(0.8);transition:transform 300ms ease-in-out">            <div style="display:flex;flex-direction:column;align-items:center">       <div style="width:8px;height:8px;border-radius:9999px;background:#80412B"></div>       <div style="width:2px;height:30px;background:#80412B"></div>     </div>     <div style="display:flex;align-items:center;justify-content:center;padding:10px;border-radius:30px;background:#4A1B0A;color:#FF9770;border:1px solid #80412B;font-family:var(--font-poppins),sans-serif;font-weight:500">       <div style="display:flex;align-items:center;justify-content:center;border-radius:9999px;margin-right:6px;background:#E45B27;width:20px;height:20px">         <p style="color:#FED9CC;font-size:11px;margin:0">2</p>       </div>       <p style="font-size:15px;line-height:22.5px;margin:0;
  EL {"tag":"DIV","cls":"","ownText":"","fs":"12px","pad":"0px","bg":"rgba(0, 0, 0, 0)","border":"rgb(254, 217, 204)/0px","radius":"0px","transform":"matrix(0.8, 0, 0, 0.8, 0, 0)","w":174,"h":66}
  EL {"tag":"DIV","cls":"","ownText":"","fs":"12px","pad":"0px","bg":"rgba(0, 0, 0, 0)","border":"rgb(254, 217, 204)/0px","radius":"0px","transform":"","w":6,"h":30}
  EL {"tag":"DIV","cls":"","ownText":"","fs":"12px","pad":"0px","bg":"rgb(128, 65, 43)","border":"rgb(254, 217, 204)/0px","radius":"9999px","transform":"","w":6,"h":6}
  EL {"tag":"DIV","cls":"","ownText":"","fs":"12px","pad":"0px","bg":"rgb(128, 65, 43)","border":"rgb(254, 217, 204)/0px","radius":"0px","transform":"","w":2,"h":24}
  EL {"tag":"DIV","cls":"","ownText":"","fs":"12px","pad":"10px","bg":"rgb(74, 27, 10)","border":"rgb(128, 65, 43)/1px","radius":"30px","transform":"","w":174,"h":36}
  EL {"tag":"DIV","cls":"","ownText":"","fs":"12px","pad":"0px","bg":"rgb(228, 91, 39)","border":"rgb(255, 151, 112)/0px","radius":"9999px","transform":"","w":16,"h":16}
  EL {"tag":"P","cls":"","ownText":"2","fs":"11px","pad":"0px","bg":"rgba(0, 0, 0, 0)","border":"rgb(254, 217, 204)/0px","radius":"0px","transform":"","w":5,"h":16}
  EL {"tag":"P","cls":"","ownText":"Commissioner's Office","fs":"15px","pad":"0px","bg":"rgba(0, 0, 0, 0)","border":"rgb(255, 151, 112)/0px","radius":"0px","transform":"","w":135,"h":18}

===== /map marker DOM @ 1440 =====
HTML: <button type="button" style="background: none; border: 0px; padding: 0px; transform: translate(832px, 392px) translate(-50%, -100%) translate(0px, 0px); opacity: 1; pointer-events: auto;" aria-label="Stop 1: Holeur's Fashionable Bakery" role="img" class="mapboxgl-marker mapboxgl-marker-anchor-bottom">     <div style="display:flex;flex-direction:column;align-items:center;cursor:pointer;transform:scale(0.8);transition:transform 300ms ease-in-out">            <div style="display:flex;align-items:center;justify-content:center;padding:12px;border-radius:30px;background:#4A1B0A;color:#FF9770;border:1px solid #80412B;font-family:var(--font-poppins),sans-serif;font-weight:500">       <div style="display:flex;align-items:center;justify-content:center;border-radius:9999px;margin-right:6px;background:#E45B27;width:20px;height:20px">         <p style="color:#FED9CC;font-size:11px;margin:0">1</p>       </div>       <p style="font-size:18px;line-height:27px;margin:0;white-space:nowrap">Bakery</p>     </div>     <div style="display:flex;flex-direction:column;align-items:center">       <div style="width:2px;height:30px;background:#80412B"></div>       <div style="width:8px;height:8px;border-radius
  EL {"tag":"DIV","cls":"","ownText":"","fs":"12px","pad":"0px","bg":"rgba(0, 0, 0, 0)","border":"rgb(254, 217, 204)/0px","radius":"0px","transform":"matrix(0.8, 0, 0, 0.8, 0, 0)","w":91,"h":73}
  EL {"tag":"DIV","cls":"","ownText":"","fs":"12px","pad":"12px","bg":"rgb(74, 27, 10)","border":"rgb(128, 65, 43)/1px","radius":"30px","transform":"","w":91,"h":42}
  EL {"tag":"DIV","cls":"","ownText":"","fs":"12px","pad":"0px","bg":"rgb(228, 91, 39)","border":"rgb(255, 151, 112)/0px","radius":"9999px","transform":"","w":16,"h":16}
  EL {"tag":"P","cls":"","ownText":"1","fs":"11px","pad":"0px","bg":"rgba(0, 0, 0, 0)","border":"rgb(254, 217, 204)/0px","radius":"0px","transform":"","w":3,"h":16}
  EL {"tag":"P","cls":"","ownText":"Bakery","fs":"18px","pad":"0px","bg":"rgba(0, 0, 0, 0)","border":"rgb(255, 151, 112)/0px","radius":"0px","transform":"","w":50,"h":22}
  EL {"tag":"DIV","cls":"","ownText":"","fs":"12px","pad":"0px","bg":"rgba(0, 0, 0, 0)","border":"rgb(254, 217, 204)/0px","radius":"0px","transform":"","w":6,"h":30}
  EL {"tag":"DIV","cls":"","ownText":"","fs":"12px","pad":"0px","bg":"rgb(128, 65, 43)","border":"rgb(254, 217, 204)/0px","radius":"0px","transform":"","w":2,"h":24}
  EL {"tag":"DIV","cls":"","ownText":"","fs":"12px","pad":"0px","bg":"rgb(128, 65, 43)","border":"rgb(254, 217, 204)/0px","radius":"9999px","transform":"","w":6,"h":6}
HTML: <button type="button" style="background: none; border: 0px; padding: 0px; transform: translate(757px, 249px) translate(-50%, 0px) translate(0px, 0px); opacity: 1; pointer-events: auto;" aria-label="Stop 2: Office of the Commissioner" role="img" class="mapboxgl-marker mapboxgl-marker-anchor-top">     <div style="display:flex;flex-direction:column;align-items:center;cursor:pointer;transform:scale(0.8);transition:transform 300ms ease-in-out">            <div style="display:flex;flex-direction:column;align-items:center">       <div style="width:8px;height:8px;border-radius:9999px;background:#80412B"></div>       <div style="width:2px;height:30px;background:#80412B"></div>     </div>     <div style="display:flex;align-items:center;justify-content:center;padding:12px;border-radius:30px;background:#4A1B0A;color:#FF9770;border:1px solid #80412B;font-family:var(--font-poppins),sans-serif;font-weight:500">       <div style="display:flex;align-items:center;justify-content:center;border-radius:9999px;margin-right:6px;background:#E45B27;width:20px;height:20px">         <p style="color:#FED9CC;font-size:11px;margin:0">2</p>       </div>       <p style="font-size:18px;line-height:27px;margin:0;wh
  EL {"tag":"DIV","cls":"","ownText":"","fs":"12px","pad":"0px","bg":"rgba(0, 0, 0, 0)","border":"rgb(254, 217, 204)/0px","radius":"0px","transform":"matrix(0.8, 0, 0, 0.8, 0, 0)","w":204,"h":73}
  EL {"tag":"DIV","cls":"","ownText":"","fs":"12px","pad":"0px","bg":"rgba(0, 0, 0, 0)","border":"rgb(254, 217, 204)/0px","radius":"0px","transform":"","w":6,"h":30}
  EL {"tag":"DIV","cls":"","ownText":"","fs":"12px","pad":"0px","bg":"rgb(128, 65, 43)","border":"rgb(254, 217, 204)/0px","radius":"9999px","transform":"","w":6,"h":6}
  EL {"tag":"DIV","cls":"","ownText":"","fs":"12px","pad":"0px","bg":"rgb(128, 65, 43)","border":"rgb(254, 217, 204)/0px","radius":"0px","transform":"","w":2,"h":24}
  EL {"tag":"DIV","cls":"","ownText":"","fs":"12px","pad":"12px","bg":"rgb(74, 27, 10)","border":"rgb(128, 65, 43)/1px","radius":"30px","transform":"","w":204,"h":42}
  EL {"tag":"DIV","cls":"","ownText":"","fs":"12px","pad":"0px","bg":"rgb(228, 91, 39)","border":"rgb(255, 151, 112)/0px","radius":"9999px","transform":"","w":16,"h":16}
  EL {"tag":"P","cls":"","ownText":"2","fs":"11px","pad":"0px","bg":"rgba(0, 0, 0, 0)","border":"rgb(254, 217, 204)/0px","radius":"0px","transform":"","w":5,"h":16}
  EL {"tag":"P","cls":"","ownText":"Commissioner's Office","fs":"18px","pad":"0px","bg":"rgba(0, 0, 0, 0)","border":"rgb(255, 151, 112)/0px","radius":"0px","transform":"","w":162,"h":22}

===== /people h1 raw @ 390 =====
{
  "outerHTML": "<h1 class=\"type-display type-display-caps reveal mt-4 is-in\">One day.<br>A whole city'sOne day.<br>A whole city's cast.nbsp;cast.</h1>",
  "visibleLines": [
    "One day.",
    "A whole",
    "city'sOne day.",
    "A whole city's",
    "cast.nbsp;cast."
  ],
  "lastCount": 1
}
