
── baseline @390
  axe / @390 [rest] — 0 violation(s), 0 serious+
  axe /bakery @390 [rest] — 0 violation(s), 0 serious+
  axe /commissioners-office @390 [rest] — 0 violation(s), 0 serious+
  axe /mansion @390 [rest] — 0 violation(s), 0 serious+
  axe /ferry @390 [rest] — 0 violation(s), 0 serious+
  axe /barbershop @390 [rest] — 0 violation(s), 0 serious+
  axe /map @390 [rest] — 0 violation(s), 0 serious+
  axe /people @390 [rest] — 0 violation(s), 0 serious+
  axe /paintings @390 [rest] — 0 violation(s), 0 serious+
  axe /about @390 [rest] — 0 violation(s), 0 serious+
  axe /404 @390 [rest] — 0 violation(s), 0 serious+

── baseline @768
  axe / @768 [rest] — 0 violation(s), 0 serious+
  axe /bakery @768 [rest] — 0 violation(s), 0 serious+
  axe /commissioners-office @768 [rest] — 0 violation(s), 0 serious+
  axe /mansion @768 [rest] — 0 violation(s), 0 serious+
  axe /ferry @768 [rest] — 0 violation(s), 0 serious+
  axe /barbershop @768 [rest] — 0 violation(s), 0 serious+
  axe /map @768 [rest] — 0 violation(s), 0 serious+
  axe /people @768 [rest] — 0 violation(s), 0 serious+
  axe /paintings @768 [rest] — 0 violation(s), 0 serious+
  axe /about @768 [rest] — 0 violation(s), 0 serious+
  axe /404 @768 [rest] — 0 violation(s), 0 serious+

── baseline @1440
  axe / @1440 [rest] — 0 violation(s), 0 serious+
  axe /bakery @1440 [rest] — 0 violation(s), 0 serious+
  axe /commissioners-office @1440 [rest] — 0 violation(s), 0 serious+
  axe /mansion @1440 [rest] — 0 violation(s), 0 serious+
  axe /ferry @1440 [rest] — 0 violation(s), 0 serious+
  axe /barbershop @1440 [rest] — 0 violation(s), 0 serious+
  axe /map @1440 [rest] — 0 violation(s), 0 serious+
  axe /people @1440 [rest] — 0 violation(s), 0 serious+
  axe /paintings @1440 [rest] — 0 violation(s), 0 serious+
  axe /about @1440 [rest] — 0 violation(s), 0 serious+
  axe /404 @1440 [rest] — 0 violation(s), 0 serious+

── states @390
  axe /mansion @390 [menu-open] — 0 violation(s), 0 serious+
  axe /map @390 [menu-open] — 0 violation(s), 0 serious+
  axe /map @390 [walk] — 0 violation(s), 0 serious+
  axe /map @390 [lens-1858] — 0 violation(s), 0 serious+
  axe /paintings @390 [dialog] — 0 violation(s), 0 serious+
  axe /mansion @390 [mini-player] — 0 violation(s), 0 serious+

── states @768
  axe /mansion @768 [menu-open] — 0 violation(s), 0 serious+
  axe /map @768 [menu-open] — 0 violation(s), 0 serious+
  axe /map @768 [walk] — 0 violation(s), 0 serious+
  axe /map @768 [lens-1858] — 0 violation(s), 0 serious+
  axe /paintings @768 [dialog] — 0 violation(s), 0 serious+
  axe /mansion @768 [mini-player] — 0 violation(s), 0 serious+

── states @1440
  axe /mansion @1440 [menu-open] — 0 violation(s), 0 serious+
  axe /map @1440 [menu-open] — 0 violation(s), 0 serious+
  axe /map @1440 [walk] — 0 violation(s), 0 serious+
  axe /map @1440 [lens-1858] — 0 violation(s), 0 serious+
  axe /paintings @1440 [dialog] — 0 violation(s), 0 serious+
  axe /mansion @1440 [mini-player] — 0 violation(s), 0 serious+

── keyboard @1440
  /: 2 stops, 0 without a visible ring (focus returned to body)
  /map: 21 stops, 0 without a visible ring (focus returned to body)
  /bakery: 16 stops, 0 without a visible ring (focus returned to body)
  /paintings: 37 stops, 0 without a visible ring (focus returned to body)
  /mansion menu: open=true close=true focusBack=true
  /paintings dialog: open=true close=true focusBack=true

── keyboard @390
  /: 2 stops, 0 without a visible ring (focus returned to body)
  /map: 21 stops, 0 without a visible ring (focus returned to body)
  /bakery: 12 stops, 0 without a visible ring (focus returned to body)
  /paintings: 37 stops, 0 without a visible ring (focus returned to body)
  /mansion menu: open=true close=true focusBack=true
  /paintings dialog: open=true close=true focusBack=true

── reduced-motion @390
  /: 0 hidden-text element(s), 0 console error(s)
  /bakery: 0 hidden-text element(s), 0 console error(s)
  /commissioners-office: 0 hidden-text element(s), 0 console error(s)
  /mansion: 0 hidden-text element(s), 0 console error(s)
  /ferry: 0 hidden-text element(s), 0 console error(s)
  /barbershop: 0 hidden-text element(s), 0 console error(s)
  /map: 0 hidden-text element(s), 0 console error(s)
  /people: 0 hidden-text element(s), 0 console error(s)
  /paintings: 0 hidden-text element(s), 0 console error(s)
  /about: 0 hidden-text element(s), 0 console error(s)
  /404: 0 hidden-text element(s), 1 console error(s)

── reduced-motion @1440
  /: 0 hidden-text element(s), 0 console error(s)
  /bakery: 0 hidden-text element(s), 0 console error(s)
  /commissioners-office: 0 hidden-text element(s), 0 console error(s)
  /mansion: 0 hidden-text element(s), 0 console error(s)
  /ferry: 0 hidden-text element(s), 0 console error(s)
  /barbershop: 0 hidden-text element(s), 0 console error(s)
  /map: 0 hidden-text element(s), 0 console error(s)
  /people: 0 hidden-text element(s), 0 console error(s)
  /paintings: 0 hidden-text element(s), 0 console error(s)
  /about: 0 hidden-text element(s), 0 console error(s)
  /404: 0 hidden-text element(s), 1 console error(s)

── zoom 200% (720×450)
  /: ok
  /bakery: ok
  /commissioners-office: ok
  /mansion: ok
  /ferry: ok
  /barbershop: ok
  /map: ok
  /people: ok
  /paintings: ok
  /about: ok
  /404: ok

a11y → docs/v7/qa/final/a11y/a11y.md — 0 serious/critical · 0 moderate · 0 minor across 51 runs
