
── baseline @390
  axe /paintings @390 [rest] — 0 violation(s), 0 serious+

── baseline @1440
  axe /paintings @1440 [rest] — 0 violation(s), 0 serious+

── states @390
  axe /paintings @390 [dialog] — 0 violation(s), 0 serious+

── states @1440
  axe /paintings @1440 [dialog] — 0 violation(s), 0 serious+

── keyboard @1440
  /paintings: 37 stops, 0 without a visible ring (focus returned to body)
  /paintings dialog: open=true close=true focusBack=true

── keyboard @390
  /paintings: 37 stops, 0 without a visible ring (focus returned to body)
  /paintings dialog: open=true close=true focusBack=true

── reduced-motion @390
  /paintings: 0 hidden-text element(s), 0 console error(s)

── reduced-motion @1440
  /paintings: 0 hidden-text element(s), 0 console error(s)

── zoom 200% (720×450)
  /paintings: ok

a11y → docs/v7/qa/final/a11y-paintings/a11y.md — 0 serious/critical · 0 moderate · 0 minor across 4 runs
