✓ bakery frame @ 501ms (target 500)
✓ bakery frame @ 1503ms (target 1000)
✓ bakery frame @ 2000ms (target 2000)
✓ bakery frame @ 3002ms (target 3000)
✓ bakery frame @ 5000ms (target 5000)
✓ commissioners-office frame @ 500ms (target 500)
✓ commissioners-office frame @ 1577ms (target 1000)
✓ commissioners-office frame @ 2000ms (target 2000)
✓ commissioners-office frame @ 3047ms (target 3000)
✓ commissioners-office frame @ 5001ms (target 5000)
✓ mansion frame @ 501ms (target 500)
✓ mansion frame @ 1504ms (target 1000)
✓ mansion frame @ 2003ms (target 2000)
✓ mansion frame @ 3000ms (target 3000)
✓ mansion frame @ 5002ms (target 5000)
✓ ferry frame @ 501ms (target 500)
✓ ferry frame @ 1534ms (target 1000)
✓ ferry frame @ 2002ms (target 2000)
✓ ferry frame @ 3002ms (target 3000)
✓ ferry frame @ 5001ms (target 5000)
✓ barbershop frame @ 501ms (target 500)
✓ barbershop frame @ 1542ms (target 1000)
✓ barbershop frame @ 2000ms (target 2000)
✓ barbershop frame @ 3002ms (target 3000)
✓ barbershop frame @ 5000ms (target 5000)

filmstrips + arrival.md → docs/v7/qa/final/arrival
