✓ / @ 390  type:1 max:16px  float:0 collide:0  repeat:0  err:0
✓ /bakery @ 390  type:5 max:44.2px  float:1 collide:0  repeat:0  err:0
✓ /commissioners-office @ 390  type:7 max:46px  float:1 collide:0  repeat:0  err:0
✓ /mansion @ 390  type:5 max:44.2px  float:1 collide:0  repeat:0  err:0
✓ /ferry @ 390  type:5 max:40.5px  float:1 collide:0  repeat:0  err:0
✓ /barbershop @ 390  type:5 max:44.2px  float:1 collide:0  repeat:0  err:0
✓ /map @ 390  type:0 max:0px  float:1 collide:0  repeat:0  err:0
✓ /people @ 390  type:16 max:40.5px  float:1 collide:0  repeat:0  err:0
✓ /paintings @ 390  type:1 max:46px  float:2 collide:0  repeat:0  err:0
✓ /about @ 390  type:1 max:28.6px  float:1 collide:0  repeat:0  err:0
✓ /404 @ 390  type:1 max:34px  float:1 collide:0  repeat:0  err:1
✓ / @ phone-landscape  type:1 max:16px  float:0 collide:0  repeat:0  err:0
✓ /bakery @ phone-landscape  type:5 max:46px  float:1 collide:0  repeat:0  err:0
✓ /commissioners-office @ phone-landscape  type:7 max:46px  float:1 collide:0  repeat:0  err:0
✓ /mansion @ phone-landscape  type:5 max:46px  float:1 collide:0  repeat:0  err:0
✓ /ferry @ phone-landscape  type:5 max:46px  float:1 collide:0  repeat:0  err:0
✓ /barbershop @ phone-landscape  type:5 max:46px  float:1 collide:0  repeat:0  err:0
✓ /map @ phone-landscape  type:0 max:0px  float:1 collide:0  repeat:0  err:0
✓ /people @ phone-landscape  type:15 max:46px  float:1 collide:0  repeat:0  err:0
✓ /paintings @ phone-landscape  type:1 max:46px  float:2 collide:0  repeat:0  err:0
✓ /about @ phone-landscape  type:1 max:46px  float:1 collide:0  repeat:0  err:0
✓ /404 @ phone-landscape  type:1 max:34px  float:1 collide:0  repeat:0  err:1
✓ / @ 768  type:1 max:16px  float:0 collide:0  repeat:0  err:0
✓ /bakery @ 768  type:5 max:64px  float:1 collide:0  repeat:0  err:0
✓ /commissioners-office @ 768  type:7 max:64px  float:1 collide:0  repeat:0  err:0
✓ /mansion @ 768  type:5 max:64px  float:1 collide:0  repeat:0  err:0
✓ /ferry @ 768  type:5 max:64px  float:1 collide:0  repeat:0  err:0
✓ /barbershop @ 768  type:5 max:64px  float:1 collide:0  repeat:0  err:0
✓ /map @ 768  type:0 max:0px  float:1 collide:0  repeat:0  err:0
✓ /people @ 768  type:16 max:64px  float:1 collide:0  repeat:0  err:0
✓ /paintings @ 768  type:1 max:64px  float:2 collide:0  repeat:0  err:0
✓ /about @ 768  type:1 max:56.2px  float:1 collide:0  repeat:0  err:0
✓ /404 @ 768  type:1 max:46px  float:1 collide:0  repeat:0  err:1
✓ / @ 1024  type:1 max:16px  float:0 collide:0  repeat:0  err:0
✓ /bakery @ 1024  type:5 max:64px  float:5 collide:0  repeat:0  err:0
✓ /commissioners-office @ 1024  type:7 max:64px  float:7 collide:0  repeat:0  err:0
✓ /mansion @ 1024  type:5 max:64px  float:5 collide:0  repeat:0  err:0
✓ /ferry @ 1024  type:5 max:64px  float:5 collide:0  repeat:0  err:0
✓ /barbershop @ 1024  type:5 max:64px  float:5 collide:0  repeat:0  err:0
✓ /map @ 1024  type:0 max:0px  float:2 collide:0  repeat:0  err:0
✓ /people @ 1024  type:16 max:64px  float:4 collide:0  repeat:0  err:0
✓ /paintings @ 1024  type:1 max:64px  float:2 collide:0  repeat:0  err:0
✓ /about @ 1024  type:1 max:64px  float:8 collide:0  repeat:0  err:0
✗ /404 @ 1024: page.waitForTimeout: Target page, context or browser has been closed
node:internal/modules/run_main:107
    triggerUncaughtException(
    ^

browserContext.close: Target page, context or browser has been closed
Browser logs:

<launching> /Users/thebayniac/Library/Caches/ms-playwright/chromium_headless_shell-1234/chrome-headless-shell-mac-arm64/chrome-headless-shell --disable-field-trial-config --disable-background-networking --disable-background-timer-throttling --disable-backgrounding-occluded-windows --disable-back-forward-cache --disable-breakpad --disable-client-side-phishing-detection --disable-component-extensions-with-background-pages --disable-component-update --no-default-browser-check --disable-default-apps --disable-dev-shm-usage --disable-edgeupdater --disable-extensions --disable-features=AvoidUnnecessaryBeforeUnloadCheckSync,BoundaryEventDispatchTracksNodeRemoval,DestroyProfileOnBrowserClose,DialMediaRouteProvider,GlobalMediaControls,HttpsUpgrades,LensOverlay,MediaRouter,PaintHolding,ThirdPartyStoragePartitioning,BlockOriginHeaderModificationOnRedirect,Translate,AutoDeElevate,OptimizationHints,msForceBrowserSignIn,msEdgeUpdateLaunchServicesPreferredVersion --enable-features=CDPScreenshotNewSurface --allow-pre-commit-input --disable-hang-monitor --disable-ipc-flooding-protection --disable-popup-blocking --disable-prompt-on-repost --disable-renderer-backgrounding --disable-updater-scheduler --force-color-profile=srgb --metrics-recording-only --no-first-run --password-store=basic --use-mock-keychain --no-service-autorun --export-tagged-pdf --disable-search-engine-choice-screen --unsafely-disable-devtools-self-xss-warnings --edge-skip-compat-layer-relaunch --disable-infobars --disable-search-engine-choice-screen --disable-sync --enable-unsafe-swiftshader --headless --hide-scrollbars --mute-audio --blink-settings=primaryHoverType=2,availableHoverTypes=2,primaryPointerType=4,availablePointerTypes=4 --no-sandbox --user-data-dir=/var/folders/q8/2s3s81493_ggdntpct02_wqw0000gn/T/playwright_chromiumdev_profile-w0VGOX --remote-debugging-pipe --no-startup-window
<launched> pid=45607
[pid=45607][err] [0815/222643.618153:INFO:CONSOLE:1589] "[vite] connecting...", source: http://localhost:4321/@vite/client (1589)
[pid=45607][err] [0815/222643.647847:INFO:CONSOLE:1698] "[vite] connected.", source: http://localhost:4321/@vite/client (1698)
[pid=45607][err] [0815/222650.185834:INFO:CONSOLE:1589] "[vite] connecting...", source: http://localhost:4321/@vite/client (1589)
[pid=45607][err] [0815/222650.193431:INFO:CONSOLE:1698] "[vite] connected.", source: http://localhost:4321/@vite/client (1698)
[pid=45607][err] [0815/222650.274616:INFO:CONSOLE:14390] "%cDownload the React DevTools for a better development experience: https://react.dev/link/react-devtools font-weight:bold", source: http://localhost:4321/node_modules/.vite/deps/client-m63b53Vu.js?v=41409f16 (14390)
[pid=45607][err] [0815/222656.244692:ERROR:gpu/command_buffer/service/gl_utils.cc:430] [.WebGL-0x124005d0800]GL Driver Message (OpenGL, Performance, GL_CLOSE_PATH_NV, High): GPU stall due to ReadPixels
[pid=45607][err] [0815/222656.279514:INFO:CONSOLE:0] "[.WebGL-0x124005d0800]GL Driver Message (OpenGL, Performance, GL_CLOSE_PATH_NV, High): GPU stall due to ReadPixels", source: http://localhost:4321/bakery (0)
[pid=45607][err] [0815/222656.347216:ERROR:gpu/command_buffer/service/gl_utils.cc:430] [.WebGL-0x124005d0800]GL Driver Message (OpenGL, Performance, GL_CLOSE_PATH_NV, High): GPU stall due to ReadPixels
[pid=45607][err] [0815/222656.384636:INFO:CONSOLE:0] "[.WebGL-0x124005d0800]GL Driver Message (OpenGL, Performance, GL_CLOSE_PATH_NV, High): GPU stall due to ReadPixels", source: http://localhost:4321/bakery (0)
[pid=45607][err] [0815/222656.415790:ERROR:gpu/command_buffer/service/gl_utils.cc:430] [.WebGL-0x124005d0800]GL Driver Message (OpenGL, Performance, GL_CLOSE_PATH_NV, High): GPU stall due to ReadPixels
[pid=45607][err] [0815/222656.509589:INFO:CONSOLE:0] "[.WebGL-0x124005d0800]GL Driver Message (OpenGL, Performance, GL_CLOSE_PATH_NV, High): GPU stall due to ReadPixels", source: http://localhost:4321/bakery (0)
[pid=45607][err] [0815/222656.524806:ERROR:gpu/command_buffer/service/gl_utils.cc:430] [.WebGL-0x124005d0800]GL Driver Message (OpenGL, Performance, GL_CLOSE_PATH_NV, High): GPU stall due to ReadPixels (this message will no longer repeat)
[pid=45607][err] [0815/222656.617152:INFO:CONSOLE:0] "[.WebGL-0x124005d0800]GL Driver Message (OpenGL, Performance, GL_CLOSE_PATH_NV, High): GPU stall due to ReadPixels (this message will no longer repeat)", source: http://localhost:4321/bakery (0)
[pid=45607][err] [0815/222705.927812:INFO:CONSOLE:1589] "[vite] connecting...", source: http://localhost:4321/@vite/client (1589)
[pid=45607][err] [0815/222705.939943:INFO:CONSOLE:1698] "[vite] connected.", source: http://localhost:4321/@vite/client (1698)
[pid=45607][err] [0815/222705.958150:INFO:CONSOLE:14390] "%cDownload the React DevTools for a better development experience: https://react.dev/link/react-devtools font-weight:bold", source: http://localhost:4321/node_modules/.vite/deps/client-m63b53Vu.js?v=41409f16 (14390)
[pid=45607][err] [0815/222726.547163:INFO:CONSOLE:1589] "[vite] connecting...", source: http://localhost:4321/@vite/client (1589)
[pid=45607][err] [0815/222726.559210:INFO:CONSOLE:1698] "[vite] connected.", source: http://localhost:4321/@vite/client (1698)
[pid=45607][err] [0815/222726.580525:INFO:CONSOLE:14390] "%cDownload the React DevTools for a better development experience: https://react.dev/link/react-devtools font-weight:bold", source: http://localhost:4321/node_modules/.vite/deps/client-m63b53Vu.js?v=41409f16 (14390)
[pid=45607][err] [0815/222745.595818:INFO:CONSOLE:1589] "[vite] connecting...", source: http://localhost:4321/@vite/client (1589)
[pid=45607][err] [0815/222745.604844:INFO:CONSOLE:1698] "[vite] connected.", source: http://localhost:4321/@vite/client (1698)
[pid=45607][err] [0815/222745.614066:INFO:CONSOLE:14390] "%cDownload the React DevTools for a better development experience: https://react.dev/link/react-devtools font-weight:bold", source: http://localhost:4321/node_modules/.vite/deps/client-m63b53Vu.js?v=41409f16 (14390)
[pid=45607][err] [0815/222759.269325:INFO:CONSOLE:1589] "[vite] connecting...", source: http://localhost:4321/@vite/client (1589)
[pid=45607][err] [0815/222759.278158:INFO:CONSOLE:1698] "[vite] connected.", source: http://localhost:4321/@vite/client (1698)
[pid=45607][err] [0815/222759.287525:INFO:CONSOLE:14390] "%cDownload the React DevTools for a better development experience: https://react.dev/link/react-devtools font-weight:bold", source: http://localhost:4321/node_modules/.vite/deps/client-m63b53Vu.js?v=41409f16 (14390)
[pid=45607][err] [0815/222817.417687:INFO:CONSOLE:1589] "[vite] connecting...", source: http://localhost:4321/@vite/client (1589)
[pid=45607][err] [0815/222817.420420:INFO:CONSOLE:1698] "[vite] connected.", source: http://localhost:4321/@vite/client (1698)
[pid=45607][err] [0815/222817.426946:INFO:CONSOLE:14390] "%cDownload the React DevTools for a better development experience: https://react.dev/link/react-devtools font-weight:bold", source: http://localhost:4321/node_modules/.vite/deps/client-m63b53Vu.js?v=41409f16 (14390)
[pid=45607][err] [0815/222831.534581:INFO:CONSOLE:1589] "[vite] connecting...", source: http://localhost:4321/@vite/client (1589)
[pid=45607][err] [0815/222831.538243:INFO:CONSOLE:1698] "[vite] connected.", source: http://localhost:4321/@vite/client (1698)
[pid=45607][err] [0815/222841.164894:INFO:CONSOLE:1589] "[vite] connecting...", source: http://localhost:4321/@vite/client (1589)
[pid=45607][err] [0815/222841.175336:INFO:CONSOLE:1698] "[vite] connected.", source: http://localhost:4321/@vite/client (1698)
[pid=45607][err] [0815/222841.182747:INFO:CONSOLE:14390] "%cDownload the React DevTools for a better development experience: https://react.dev/link/react-devtools font-weight:bold", source: http://localhost:4321/node_modules/.vite/deps/client-m63b53Vu.js?v=41409f16 (14390)
[pid=45607][err] [0815/222852.200868:INFO:CONSOLE:1589] "[vite] connecting...", source: http://localhost:4321/@vite/client (1589)
[pid=45607][err] [0815/222852.203521:INFO:CONSOLE:1698] "[vite] connected.", source: http://localhost:4321/@vite/client (1698)
[pid=45607][err] [0815/222902.313976:INFO:CONSOLE:1589] "[vite] connecting...", source: http://localhost:4321/@vite/client (1589)
[pid=45607][err] [0815/222902.317951:INFO:CONSOLE:1698] "[vite] connected.", source: http://localhost:4321/@vite/client (1698)
[pid=45607][err] [0815/222909.528399:INFO:CONSOLE:1589] "[vite] connecting...", source: http://localhost:4321/@vite/client (1589)
[pid=45607][err] [0815/222909.543862:INFO:CONSOLE:1698] "[vite] connected.", source: http://localhost:4321/@vite/client (1698)
[pid=45607][err] [0815/222916.053995:INFO:CONSOLE:1589] "[vite] connecting...", source: http://localhost:4321/@vite/client (1589)
[pid=45607][err] [0815/222916.065488:INFO:CONSOLE:1698] "[vite] connected.", source: http://localhost:4321/@vite/client (1698)
[pid=45607][err] [0815/222916.134337:INFO:CONSOLE:14390] "%cDownload the React DevTools for a better development experience: https://react.dev/link/react-devtools font-weight:bold", source: http://localhost:4321/node_modules/.vite/deps/client-m63b53Vu.js?v=41409f16 (14390)
[pid=45607][err] [0815/222930.311809:INFO:CONSOLE:1589] "[vite] connecting...", source: http://localhost:4321/@vite/client (1589)
[pid=45607][err] [0815/222930.323072:INFO:CONSOLE:1698] "[vite] connected.", source: http://localhost:4321/@vite/client (1698)
[pid=45607][err] [0815/222930.330499:INFO:CONSOLE:14390] "%cDownload the React DevTools for a better development experience: https://react.dev/link/react-devtools font-weight:bold", source: http://localhost:4321/node_modules/.vite/deps/client-m63b53Vu.js?v=41409f16 (14390)
[pid=45607][err] [0815/222948.746098:INFO:CONSOLE:1589] "[vite] connecting...", source: http://localhost:4321/@vite/client (1589)
[pid=45607][err] [0815/222948.755998:INFO:CONSOLE:1698] "[vite] connected.", source: http://localhost:4321/@vite/client (1698)
[pid=45607][err] [0815/222948.772038:INFO:CONSOLE:14390] "%cDownload the React DevTools for a better development experience: https://react.dev/link/react-devtools font-weight:bold", source: http://localhost:4321/node_modules/.vite/deps/client-m63b53Vu.js?v=41409f16 (14390)
[pid=45607][err] [0815/223012.571013:INFO:CONSOLE:1589] "[vite] connecting...", source: http://localhost:4321/@vite/client (1589)
[pid=45607][err] [0815/223012.581921:INFO:CONSOLE:1698] "[vite] connected.", source: http://localhost:4321/@vite/client (1698)
[pid=45607][err] [0815/223012.591799:INFO:CONSOLE:14390] "%cDownload the React DevTools for a better development experience: https://react.dev/link/react-devtools font-weight:bold", source: http://localhost:4321/node_modules/.vite/deps/client-m63b53Vu.js?v=41409f16 (14390)
[pid=45607][err] [0815/223030.060713:INFO:CONSOLE:1589] "[vite] connecting...", source: http://localhost:4321/@vite/client (1589)
[pid=45607][err] [0815/223030.082399:INFO:CONSOLE:1698] "[vite] connected.", source: http://localhost:4321/@vite/client (1698)
[pid=45607][err] [0815/223030.087001:INFO:CONSOLE:14390] "%cDownload the React DevTools for a better development experience: https://react.dev/link/react-devtools font-weight:bold", source: http://localhost:4321/node_modules/.vite/deps/client-m63b53Vu.js?v=41409f16 (14390)
[pid=45607][err] [0815/223045.639997:INFO:CONSOLE:1589] "[vite] connecting...", source: http://localhost:4321/@vite/client (1589)
[pid=45607][err] [0815/223045.643145:INFO:CONSOLE:1698] "[vite] connected.", source: http://localhost:4321/@vite/client (1698)
[pid=45607][err] [0815/223045.649749:INFO:CONSOLE:14390] "%cDownload the React DevTools for a better development experience: https://react.dev/link/react-devtools font-weight:bold", source: http://localhost:4321/node_modules/.vite/deps/client-m63b53Vu.js?v=41409f16 (14390)
[pid=45607][err] [0815/223100.057692:INFO:CONSOLE:1589] "[vite] connecting...", source: http://localhost:4321/@vite/client (1589)
[pid=45607][err] [0815/223100.062290:INFO:CONSOLE:1698] "[vite] connected.", source: http://localhost:4321/@vite/client (1698)
[pid=45607][err] [0815/223109.167934:INFO:CONSOLE:1589] "[vite] connecting...", source: http://localhost:4321/@vite/client (1589)
[pid=45607][err] [0815/223109.174804:INFO:CONSOLE:1698] "[vite] connected.", source: http://localhost:4321/@vite/client (1698)
[pid=45607][err] [0815/223109.186723:INFO:CONSOLE:14390] "%cDownload the React DevTools for a better development experience: https://react.dev/link/react-devtools font-weight:bold", source: http://localhost:4321/node_modules/.vite/deps/client-m63b53Vu.js?v=41409f16 (14390)
[pid=45607][err] [0815/223119.399556:INFO:CONSOLE:1589] "[vite] connecting...", source: http://localhost:4321/@vite/client (1589)
[pid=45607][err] [0815/223119.403043:INFO:CONSOLE:1698] "[vite] connected.", source: http://localhost:4321/@vite/client (1698)
[pid=45607][err] [0815/223129.044189:INFO:CONSOLE:1589] "[vite] connecting...", source: http://localhost:4321/@vite/client (1589)
[pid=45607][err] [0815/223129.048816:INFO:CONSOLE:1698] "[vite] connected.", source: http://localhost:4321/@vite/client (1698)
[pid=45607][err] [0815/223136.482983:INFO:CONSOLE:1589] "[vite] connecting...", source: http://localhost:4321/@vite/client (1589)
[pid=45607][err] [0815/223136.493037:INFO:CONSOLE:1698] "[vite] connected.", source: http://localhost:4321/@vite/client (1698)
[pid=45607][err] [0815/223142.999706:INFO:CONSOLE:1589] "[vite] connecting...", source: http://localhost:4321/@vite/client (1589)
[pid=45607][err] [0815/223143.006990:INFO:CONSOLE:1698] "[vite] connected.", source: http://localhost:4321/@vite/client (1698)
[pid=45607][err] [0815/223146.179859:INFO:CONSOLE:14390] "%cDownload the React DevTools for a better development experience: https://react.dev/link/react-devtools font-weight:bold", source: http://localhost:4321/node_modules/.vite/deps/client-m63b53Vu.js?v=41409f16 (14390)
[pid=45607][err] [0815/223205.296670:INFO:CONSOLE:1589] "[vite] connecting...", source: http://localhost:4321/@vite/client (1589)
[pid=45607][err] [0815/223205.310952:INFO:CONSOLE:1698] "[vite] connected.", source: http://localhost:4321/@vite/client (1698)
[pid=45607][err] [0815/223208.482611:INFO:CONSOLE:14390] "%cDownload the React DevTools for a better development experience: https://react.dev/link/react-devtools font-weight:bold", source: http://localhost:4321/node_modules/.vite/deps/client-m63b53Vu.js?v=41409f16 (14390)
[pid=45607][err] [0815/223232.220283:INFO:CONSOLE:1589] "[vite] connecting...", source: http://localhost:4321/@vite/client (1589)
[pid=45607][err] [0815/223232.230731:INFO:CONSOLE:1698] "[vite] connected.", source: http://localhost:4321/@vite/client (1698)
[pid=45607][err] [0815/223232.249419:INFO:CONSOLE:14390] "%cDownload the React DevTools for a better development experience: https://react.dev/link/react-devtools font-weight:bold", source: http://localhost:4321/node_modules/.vite/deps/client-m63b53Vu.js?v=41409f16 (14390)
[pid=45607][err] [0815/223245.343730:INFO:CONSOLE:1667] "[vite] hot updated: /src/styles/global.css", source: http://localhost:4321/@vite/client (1667)
[pid=45607][err] [0815/223257.762802:INFO:CONSOLE:1589] "[vite] connecting...", source: http://localhost:4321/@vite/client (1589)
[pid=45607][err] [0815/223257.783035:INFO:CONSOLE:1698] "[vite] connected.", source: http://localhost:4321/@vite/client (1698)
[pid=45607][err] [0815/223257.792263:INFO:CONSOLE:14390] "%cDownload the React DevTools for a better development experience: https://react.dev/link/react-devtools font-weight:bold", source: http://localhost:4321/node_modules/.vite/deps/client-m63b53Vu.js?v=41409f16 (14390)
[pid=45607][err] [0815/223313.488849:INFO:CONSOLE:1589] "[vite] connecting...", source: http://localhost:4321/@vite/client (1589)
[pid=45607][err] [0815/223313.498521:INFO:CONSOLE:1698] "[vite] connected.", source: http://localhost:4321/@vite/client (1698)
[pid=45607][err] [0815/223316.589513:INFO:CONSOLE:14390] "%cDownload the React DevTools for a better development experience: https://react.dev/link/react-devtools font-weight:bold", source: http://localhost:4321/node_modules/.vite/deps/client-m63b53Vu.js?v=41409f16 (14390)
[pid=45607][err] [0815/223338.224715:INFO:CONSOLE:1589] "[vite] connecting...", source: http://localhost:4321/@vite/client (1589)
[pid=45607][err] [0815/223338.233806:INFO:CONSOLE:1698] "[vite] connected.", source: http://localhost:4321/@vite/client (1698)
[pid=45607][err] [0815/223338.235689:INFO:CONSOLE:14390] "%cDownload the React DevTools for a better development experience: https://react.dev/link/react-devtools font-weight:bold", source: http://localhost:4321/node_modules/.vite/deps/client-m63b53Vu.js?v=41409f16 (14390)
[pid=45607][err] [0815/223353.079541:INFO:CONSOLE:1589] "[vite] connecting...", source: http://localhost:4321/@vite/client (1589)
[pid=45607][err] [0815/223353.083037:INFO:CONSOLE:1698] "[vite] connected.", source: http://localhost:4321/@vite/client (1698)
[pid=45607][err] [0815/223402.260772:INFO:CONSOLE:1589] "[vite] connecting...", source: http://localhost:4321/@vite/client (1589)
[pid=45607][err] [0815/223402.266623:INFO:CONSOLE:1698] "[vite] connected.", source: http://localhost:4321/@vite/client (1698)
[pid=45607][err] [0815/223402.284681:INFO:CONSOLE:14390] "%cDownload the React DevTools for a better development experience: https://react.dev/link/react-devtools font-weight:bold", source: http://localhost:4321/node_modules/.vite/deps/client-m63b53Vu.js?v=41409f16 (14390)
[pid=45607][err] [0815/223413.377800:INFO:CONSOLE:1589] "[vite] connecting...", source: http://localhost:4321/@vite/client (1589)
[pid=45607][err] [0815/223413.380821:INFO:CONSOLE:1698] "[vite] connected.", source: http://localhost:4321/@vite/client (1698)
[pid=45607][err] [0815/223423.173747:INFO:CONSOLE:1589] "[vite] connecting...", source: http://localhost:4321/@vite/client (1589)
[pid=45607][err] [0815/223423.176680:INFO:CONSOLE:1698] "[vite] connected.", source: http://localhost:4321/@vite/client (1698)
[pid=45607][err] [0815/223430.274948:INFO:CONSOLE:1589] "[vite] connecting...", source: http://localhost:4321/@vite/client (1589)
[pid=45607][err] [0815/223430.277877:INFO:CONSOLE:1698] "[vite] connected.", source: http://localhost:4321/@vite/client (1698)
[pid=45607][err] [0815/223436.789774:INFO:CONSOLE:1589] "[vite] connecting...", source: http://localhost:4321/@vite/client (1589)
[pid=45607][err] [0815/223436.803540:INFO:CONSOLE:1698] "[vite] connected.", source: http://localhost:4321/@vite/client (1698)
[pid=45607][err] [0815/223436.869541:INFO:CONSOLE:14390] "%cDownload the React DevTools for a better development experience: https://react.dev/link/react-devtools font-weight:bold", source: http://localhost:4321/node_modules/.vite/deps/client-m63b53Vu.js?v=41409f16 (14390)
[pid=45607][err] [0815/223451.640803:INFO:CONSOLE:1589] "[vite] connecting...", source: http://localhost:4321/@vite/client (1589)
[pid=45607][err] [0815/223451.654457:INFO:CONSOLE:1698] "[vite] connected.", source: http://localhost:4321/@vite/client (1698)
[pid=45607][err] [0815/223451.678196:INFO:CONSOLE:14390] "%cDownload the React DevTools for a better development experience: https://react.dev/link/react-devtools font-weight:bold", source: http://localhost:4321/node_modules/.vite/deps/client-m63b53Vu.js?v=41409f16 (14390)
[pid=45607][err] [0815/223507.235303:INFO:CONSOLE:1589] "[vite] connecting...", source: http://localhost:4321/@vite/client (1589)
[pid=45607][err] [0815/223507.250150:INFO:CONSOLE:1698] "[vite] connected.", source: http://localhost:4321/@vite/client (1698)
[pid=45607][err] [0815/223507.259652:INFO:CONSOLE:14390] "%cDownload the React DevTools for a better development experience: https://react.dev/link/react-devtools font-weight:bold", source: http://localhost:4321/node_modules/.vite/deps/client-m63b53Vu.js?v=41409f16 (14390)
[pid=45607][err] [0815/223523.804138:INFO:CONSOLE:1589] "[vite] connecting...", source: http://localhost:4321/@vite/client (1589)
[pid=45607][err] [0815/223523.821049:INFO:CONSOLE:1698] "[vite] connected.", source: http://localhost:4321/@vite/client (1698)
[pid=45607][err] [0815/223523.837271:INFO:CONSOLE:14390] "%cDownload the React DevTools for a better development experience: https://react.dev/link/react-devtools font-weight:bold", source: http://localhost:4321/node_modules/.vite/deps/client-m63b53Vu.js?v=41409f16 (14390)
[pid=45607][err] [0815/223545.218965:INFO:CONSOLE:1589] "[vite] connecting...", source: http://localhost:4321/@vite/client (1589)
[pid=45607][err] [0815/223545.237558:INFO:CONSOLE:1698] "[vite] connected.", source: http://localhost:4321/@vite/client (1698)
[pid=45607][err] [0815/223545.256532:INFO:CONSOLE:14390] "%cDownload the React DevTools for a better development experience: https://react.dev/link/react-devtools font-weight:bold", source: http://localhost:4321/node_modules/.vite/deps/client-m63b53Vu.js?v=41409f16 (14390)
[pid=45607][err] [0815/223606.086216:INFO:CONSOLE:1589] "[vite] connecting...", source: http://localhost:4321/@vite/client (1589)
[pid=45607][err] [0815/223606.088927:INFO:CONSOLE:1698] "[vite] connected.", source: http://localhost:4321/@vite/client (1698)
[pid=45607][err] [0815/223606.095361:INFO:CONSOLE:14390] "%cDownload the React DevTools for a better development experience: https://react.dev/link/react-devtools font-weight:bold", source: http://localhost:4321/node_modules/.vite/deps/client-m63b53Vu.js?v=41409f16 (14390)
[pid=45607][err] [0815/223620.906971:INFO:CONSOLE:1589] "[vite] connecting...", source: http://localhost:4321/@vite/client (1589)
[pid=45607][err] [0815/223620.917252:INFO:CONSOLE:1698] "[vite] connected.", source: http://localhost:4321/@vite/client (1698)
[pid=45607][err] [0815/223630.063318:INFO:CONSOLE:1589] "[vite] connecting...", source: http://localhost:4321/@vite/client (1589)
[pid=45607][err] [0815/223630.069896:INFO:CONSOLE:1698] "[vite] connected.", source: http://localhost:4321/@vite/client (1698)
[pid=45607][err] [0815/223630.085883:INFO:CONSOLE:14390] "%cDownload the React DevTools for a better development experience: https://react.dev/link/react-devtools font-weight:bold", source: http://localhost:4321/node_modules/.vite/deps/client-m63b53Vu.js?v=41409f16 (14390)
[pid=45607][err] [0815/223641.001329:INFO:CONSOLE:1589] "[vite] connecting...", source: http://localhost:4321/@vite/client (1589)
[pid=45607][err] [0815/223641.004039:INFO:CONSOLE:1698] "[vite] connected.", source: http://localhost:4321/@vite/client (1698)
[pid=45607][err] [0815/223650.763203:INFO:CONSOLE:1589] "[vite] connecting...", source: http://localhost:4321/@vite/client (1589)
[pid=45607][err] [0815/223650.766845:INFO:CONSOLE:1698] "[vite] connected.", source: http://localhost:4321/@vite/client (1698)
[pid=45607][err] [0815/223653.229582:ERROR:content/browser/gpu/gpu_process_host.cc:1035] GPU process exited unexpectedly: exit_code=15
[pid=45607][err] [0815/223653.229612:WARNING:content/browser/gpu/gpu_process_host.cc:1479] The GPU process has crashed 1 time(s)
    at async file:///Users/thebayniac/Documents/(A)%20Documents/(A)%20WBM%20Enterprises/(B)%20Notable/(B)%20Clients/Charles%20Nalle/cnwm-v2/scripts/probe.mjs:329:3 {
  log: []
}

Node.js v24.12.0
